ets Jul 29 2019 12:21:46
ets Jul 29 2019 12:21:46
ets Jul 29 2019 12:21:46
ets Jul 29 2019 12:21:46
ets Jul 29 2019 12:21:46
ets Jul 29 2019 12:21:46
ets Jul 29 2019 12:21:46
ets Jul 29 2019 12:21:46
ets Jul 29 2019 12:21:46
ets Jul 29 2019 12:21:46
ets Jul 29 2019 12:21:46
ets Jul 29 2019 12:21:46
ets Jul 29 2019 12:21:46
ets Jul 29 2019 12:21:46
ets Jul 29 2019 12:21:46
ets Jul 29 2019 12:21:46
ets Jul 29 2019 12:21:46
ets Jul 29 2019 12:21:46
ets Jul 29 2019 12:21:46
ets Jul 29 2019 12:21:46
ets Jul 29 2019 12:21:46
ets Jul 29 2019 12:21:46
ets Jul 29 2019 12:21:46
ets Jul 29 2019 12:21:46
ets Jul 29 2019 12:21:46
ets Jul 29 2019 12:21:46
ets Jul 29 2019 12:21:46
ets Jul 29 2019 12:21:46
ets Jul 29 2019 12:21:46
ets Jul 29 2019 12:21:46
ets Jul 29 2019 12:21:46
ets Jul 29 2019 12:21:46
ets Jul 29 2019 12:21:46
ets Jul 29 2019 12:21:46
erst:0x1 (POWERON_RESET),boot:0x13 (SPI_FAST_FLASH_BOOT)
configsip: 0, SPIWP:0xee
clk_drv:ï¿½ets Jul 29 2019 12:21:46

rst:0x1 (POWERON_RESET),boot:0x13 (SPI_FAST_FLASH_BOOT)
configsip: 0, SPIWP:0xee
clk_drv:0x00,q_drv:0x00,d_drv:0x00,cs0_drv:0x00,hd_drv:0x00,wp_drv:0x00
mode:DIO, clock div:2
load:0x3fff0030,len:7176
load:0x40078000,len:15564
ho 0 tail 12 room 4
load:0x40080400,len:4
load:0x40080404,len:3904
entry 0x40080640
[0;32mI (31) boot: ESP-IDF v5.3.1-dirty 2nd stage bootloader[0m
[0;32mI (31) boot: compile time Jan  8 2025 13:10:15[0m
[0;32mI (31) boot: Multicore bootloader[0m
[0;32mI (36) boot: chip revision: v3.1[0m
[0;32mI (40) boot.esp32: SPI Speed      : 40MHz[0m
[0;32mI (44) boot.esp32: SPI Mode       : DIO[0m
[0;32mI (49) boot.esp32: SPI Flash Size : 2MB[0m
[0;32mI (53) boot: Enabling RNG early entropy source...[0m
[0;32mI (59) boot: Partition Table:[0m
[0;32mI (62) boot: ## Label            Usage          Type ST Offset   Length[0m
[0;32mI (70) boot:  0 nvs              WiFi data        01 02 00009000 00006000[0m
[0;32mI (77) boot:  1 phy_init         RF data          01 01 0000f000 00001000[0m
[0;32mI (85) boot:  2 factory          factory app      00 00 00010000 00100000[0m
[0;32mI (92) boot: End of partition table[0m
[0;32mI (96) esp_image: segment 0: paddr=00010020 vaddr=3f400020 size=25bd0h (154576) map[0m
[0;32mI (158) esp_image: segment 1: paddr=00035bf8 vaddr=3ffb0000 size=03f58h ( 16216) load[0m
[0;32mI (164) esp_image: segment 2: paddr=00039b58 vaddr=40080000 size=064c0h ( 25792) load[0m
[0;32mI (174) esp_image: segment 3: paddr=00040020 vaddr=400d0020 size=a4928h (674088) map[0m
[0;32mI (406) esp_image: segment 4: paddr=000e4950 vaddr=400864c0 size=10e8ch ( 69260) load[0m
[0;32mI (445) boot: Loaded app from partition at offset 0x10000[0m
[0;32mI (445) boot: Disabling RNG early entropy source...[0m
[0;32mI (457) cpu_start: Multicore app[0m
[0;32mI (465) cpu_start: Pro cpu start user code[0m
[0;32mI (465) cpu_start: cpu freq: 160000000 Hz[0m
[0;32mI (465) app_init: Application information:[0m
[0;32mI (468) app_init: Project name:     Hito-4[0m
[0;32mI (473) app_init: App version:      1[0m
[0;32mI (477) app_init: Compile time:     Jan  8 2025 13:09:44[0m
[0;32mI (483) app_init: ELF file SHA256:  9da54462b0b0252c...[0m
[0;32mI (489) app_init: ESP-IDF:          v5.3.1-dirty[0m
[0;32mI (494) efuse_init: Min chip rev:     v0.0[0m
[0;32mI (499) efuse_init: Max chip rev:     v3.99 [0m
[0;32mI (504) efuse_init: Chip rev:         v3.1[0m
[0;32mI (509) heap_init: Initializing. RAM available for dynamic allocation:[0m
[0;32mI (516) heap_init: At 3FFAE6E0 len 00001920 (6 KiB): DRAM[0m
[0;32mI (522) heap_init: At 3FFB8788 len 00027878 (158 KiB): DRAM[0m
[0;32mI (528) heap_init: At 3FFE0440 len 00003AE0 (14 KiB): D/IRAM[0m
[0;32mI (535) heap_init: At 3FFE4350 len 0001BCB0 (111 KiB): D/IRAM[0m
[0;32mI (541) heap_init: At 4009734C len 00008CB4 (35 KiB): IRAM[0m
[0;32mI (549) spi_flash: detected chip: generic[0m
[0;32mI (552) spi_flash: flash io: dio[0m
[0;33mW (556) spi_flash: Detected size(4096k) larger than the size in the binary image header(2048k). Using the size in the binary image header.[0m
[0;33mW (569) ADC: legacy driver is deprecated, please migrate to `esp_adc/adc_oneshot.h`[0m
[0;32mI (578) main_task: Started on CPU0[0m
[0;32mI (588) main_task: Calling app_main()[0m
[0;32mI (588) ECG: [APP] Startup..[0m
[0;32mI (588) ECG: [APP] Free memory: 277052 bytes[0m
[0;32mI (588) ECG: [APP] IDF version: v5.3.1-dirty[0m
[0;32mI (618) example_connect: Start example_connect.[0m
[0;32mI (628) wifi:wifi driver task: 3ffc0288, prio:23, stack:6656, core=0[0m
[0;32mI (638) wifi:wifi firmware version: ccaebfa[0m
[0;32mI (638) wifi:wifi certification version: v7.0[0m
[0;32mI (638) wifi:config NVS flash: enabled[0m
[0;32mI (638) wifi:config nano formating: disabled[0m
[0;32mI (638) wifi:Init data frame dynamic rx buffer num: 32[0m
[0;32mI (648) wifi:Init static rx mgmt buffer num: 5[0m
[0;32mI (648) wifi:Init management short buffer num: 32[0m
[0;32mI (658) wifi:Init dynamic tx buffer num: 32[0m
[0;32mI (658) wifi:Init static rx buffer size: 1600[0m
[0;32mI (658) wifi:Init static rx buffer num: 10[0m
[0;32mI (668) wifi:Init dynamic rx buffer num: 32[0m
[0;32mI (668) wifi_init: rx ba win: 6[0m
[0;32mI (678) wifi_init: accept mbox: 6[0m
[0;32mI (678) wifi_init: tcpip mbox: 32[0m
[0;32mI (678) wifi_init: udp mbox: 6[0m
[0;32mI (688) wifi_init: tcp mbox: 6[0m
[0;32mI (688) wifi_init: tcp tx win: 5744[0m
[0;32mI (698) wifi_init: tcp rx win: 5744[0m
[0;32mI (698) wifi_init: tcp mss: 1440[0m
[0;32mI (698) wifi_init: WiFi IRAM OP enabled[0m
[0;32mI (708) wifi_init: WiFi RX IRAM OP enabled[0m
[0;32mI (708) phy_init: phy_version 4830,54550f7,Jun 20 2024,14:22:08[0m
[0;32mI (798) wifi:mode : sta (f0:24:f9:f7:96:18)[0m
[0;32mI (798) wifi:enable tsf[0m
[0;32mI (808) example_connect: Connecting to iPhone nacho...[0m
[0;33mW (808) wifi:Password length matches WPA2 standards, authmode threshold changes from OPEN to WPA2[0m
[0;32mI (818) example_connect: Waiting for IP(s)[0m
[0;32mI (3478) wifi:new:<6,0>, old:<1,0>, ap:<255,255>, sta:<6,0>, prof:1, snd_ch_cfg:0x0[0m
[0;32mI (3478) wifi:state: init -> auth (0xb0)[0m
[0;32mI (3488) wifi:state: auth -> assoc (0x0)[0m
[0;32mI (3498) wifi:state: assoc -> run (0x10)[0m
[0;32mI (3528) wifi:connected with iPhone nacho, aid = 1, channel 6, BW20, bssid = 42:86:e8:0f:5d:b7[0m
[0;32mI (3528) wifi:security: WPA2-PSK, phy: bgn, rssi: -47[0m
[0;32mI (3538) wifi:pm start, type: 1[0m

[0;32mI (3538) wifi:dp: 1, bi: 102400, li: 3, scale listen interval from 307200 us to 307200 us[0m
[0;32mI (3548) wifi:AP's beacon interval = 102400 us, DTIM period = 1[0m
[0;32mI (4558) esp_netif_handlers: example_netif_sta ip: 172.20.10.2, mask: 255.255.255.240, gw: 172.20.10.1[0m
[0;32mI (4558) example_connect: Got IPv4 event: Interface "example_netif_sta" address: 172.20.10.2[0m
[0;32mI (4618) example_connect: Got IPv6 event: Interface "example_netif_sta" address: fe80:0000:0000:0000:f224:f9ff:fef7:9618, type: ESP_IP6_ADDR_IS_LINK_LOCAL[0m
[0;32mI (4618) example_common: Connected to example_netif_sta[0m
[0;32mI (4628) example_common: - IPv4 address: 172.20.10.2,[0m
[0;32mI (4628) example_common: - IPv6 address: fe80:0000:0000:0000:f224:f9ff:fef7:9618, type: ESP_IP6_ADDR_IS_LINK_LOCAL[0m
[0;32mI (4638) ECG: Connected to AP: iPhone nacho[0m
[0;32mI (4648) ECG: LDR Value: 1439[0m
[0;32mI (4658) wifi:<ba-add>idx:0 (ifx:0, 42:86:e8:0f:5d:b7), tid:0, ssn:3, winSize:64[0m
[0;32mI (5308) ECG: LDR Value: 3994[0m
[0;32mI (5638) ECG: LDR Value: 4095[0m
[0;32mI (6018) ECG: LDR Value: 4095[0m
[0;32mI (6438) ECG: LDR Value: 2432[0m
[0;32mI (6838) ECG: LDR Value: 4095[0m
[0;32mI (7248) ECG: LDR Value: 4095[0m
[0;32mI (7638) ECG: LDR Value: 1578[0m
[0;32mI (8068) ECG: LDR Value: 1698[0m
[0;32mI (8488) ECG: LDR Value: 2817[0m
[0;32mI (8888) ECG: LDR Value: 3470[0m
[0;32mI (9298) ECG: LDR Value: 3629[0m
[0;32mI (9638) ECG: LDR Value: 3472[0m
[0;32mI (10018) ECG: LDR Value: 3664[0m
[0;32mI (10428) ECG: LDR Value: 3915[0m
[0;32mI (10838) ECG: LDR Value: 4095[0m
[0;32mI (11268) ECG: LDR Value: 3686[0m
[0;32mI (11668) ECG: LDR Value: 3655[0m
[0;32mI (12078) ECG: LDR Value: 3280[0m
[0;32mI (12478) ECG: LDR Value: 3211[0m
[0;32mI (12888) ECG: LDR Value: 3295[0m
[0;32mI (13288) ECG: LDR Value: 3413[0m
[0;32mI (13628) ECG: LDR Value: 3525[0m
[0;32mI (14008) ECG: LDR Value: 3366[0m
[0;32mI (14428) ECG: LDR Value: 3351[0m
[0;32mI (14828) ECG: LDR Value: 3773[0m
[0;32mI (15248) ECG: LDR Value: 4095[0m
[0;32mI (15648) ECG: LDR Value: 3577[0m
[0;32mI (16068) ECG: LDR Value: 3363[0m
[0;32mI (16468) ECG: LDR Value: 3050[0m
[0;32mI (16888) ECG: LDR Value: 3027[0m
[0;32mI (17288) ECG: LDR Value: 3011[0m
[0;32mI (17698) ECG: LDR Value: 4085[0m
[0;32mI (18118) ECG: LDR Value: 3244[0m
[0;32mI (18528) ECG: LDR Value: 3338[0m
[0;32mI (18928) ECG: LDR Value: 3643[0m
[0;32mI (19338) ECG: LDR Value: 3533[0m
[0;32mI (19748) ECG: LDR Value: 3424[0m
[0;32mI (20148) ECG: LDR Value: 3261[0m
[0;32mI (20558) ECG: LDR Value: 4095[0m
[0;32mI (20978) ECG: LDR Value: 3411[0m
[0;32mI (21388) ECG: LDR Value: 3204[0m
[0;32mI (21788) ECG: LDR Value: 3391[0m
[0;32mI (22198) ECG: LDR Value: 3357[0m
[0;32mI (22608) ECG: LDR Value: 3327[0m
[0;32mI (23018) ECG: LDR Value: 3339[0m
[0;32mI (23438) ECG: LDR Value: 3356[0m
[0;32mI (23838) ECG: LDR Value: 3454[0m
[0;32mI (24248) ECG: LDR Value: 3394[0m
[0;32mI (24668) ECG: LDR Value: 3720[0m
[0;32mI (25068) ECG: LDR Value: 3357[0m
[0;32mI (25488) ECG: LDR Value: 3778[0m
[0;32mI (25888) ECG: LDR Value: 3824[0m
[0;32mI (26358) ECG: LDR Value: 3518[0m
[0;32mI (26808) ECG: LDR Value: 3947[0m
[0;32mI (27228) ECG: LDR Value: 3305[0m
[0;32mI (27628) ECG: LDR Value: 3326[0m
[0;32mI (28038) ECG: LDR Value: 3411[0m
[0;32mI (28448) ECG: LDR Value: 3859[0m
[0;32mI (28858) ECG: LDR Value: 3923[0m
[0;32mI (29268) ECG: LDR Value: 3691[0m
[0;32mI (29678) ECG: LDR Value: 3566[0m
[0;32mI (30088) ECG: LDR Value: 3472[0m
[0;32mI (30498) ECG: LDR Value: 3563[0m
[0;32mI (30908) ECG: LDR Value: 3452[0m
[0;32mI (31318) ECG: LDR Value: 3169[0m
[0;32mI (31728) ECG: LDR Value: 3537[0m
[0;32mI (32138) ECG: LDR Value: 3103[0m
[0;32mI (32558) ECG: LDR Value: 3566[0m
[0;32mI (32958) ECG: LDR Value: 3643[0m
[0;32mI (33368) ECG: LDR Value: 3523[0m
[0;32mI (33778) ECG: LDR Value: 3745[0m
[0;32mI (34178) ECG: LDR Value: 3763[0m
[0;32mI (34588) ECG: LDR Value: 3551[0m
[0;32mI (34998) ECG: LDR Value: 3506[0m
[0;32mI (35408) ECG: LDR Value: 3470[0m
[0;32mI (35818) ECG: LDR Value: 3198[0m
[0;32mI (36228) ECG: LDR Value: 3408[0m
[0;32mI (36648) ECG: LDR Value: 3338[0m
[0;32mI (37048) ECG: LDR Value: 3504[0m
[0;32mI (37458) ECG: LDR Value: 3435[0m
[0;32mI (37868) ECG: LDR Value: 3442[0m
[0;32mI (38278) ECG: LDR Value: 3790[0m
[0;32mI (38708) ECG: LDR Value: 3583[0m
[0;32mI (39098) ECG: LDR Value: 3520[0m
[0;32mI (39518) ECG: LDR Value: 3564[0m
[0;32mI (39918) ECG: LDR Value: 3439[0m
[0;32mI (40338) ECG: LDR Value: 3842[0m
[0;32mI (40778) ECG: LDR Value: 3495[0m
[0;32mI (41248) ECG: LDR Value: 3649[0m
[0;32mI (41658) ECG: LDR Value: 3453[0m
[0;32mI (42078) ECG: LDR Value: 3598[0m
[0;32mI (42478) ECG: LDR Value: 3449[0m
[0;32mI (42888) ECG: LDR Value: 3461[0m
[0;32mI (43298) ECG: LDR Value: 3952[0m
[0;32mI (43708) ECG: LDR Value: 3536[0m
[0;32mI (44128) ECG: LDR Value: 3526[0m
[0;32mI (44528) ECG: LDR Value: 3532[0m
[0;32mI (44858) ECG: LDR Value: 4060[0m
[0;32mI (45238) ECG: LDR Value: 3554[0m
[0;32mI (45648) ECG: LDR Value: 3544[0m
[0;32mI (46058) ECG: LDR Value: 3509[0m
[0;32mI (46468) ECG: LDR Value: 3488[0m
[0;32mI (46878) ECG: LDR Value: 3555[0m
[0;32mI (47288) ECG: LDR Value: 3662[0m
[0;32mI (47698) ECG: LDR Value: 3536[0m
[0;32mI (48108) ECG: LDR Value: 3696[0m
[0;32mI (48518) ECG: LDR Value: 3583[0m
[0;32mI (48928) ECG: LDR Value: 3538[0m
[0;32mI (49338) ECG: LDR Value: 3547[0m
[0;32mI (49748) ECG: LDR Value: 3621[0m
[0;32mI (50158) ECG: LDR Value: 2681[0m
[0;32mI (50568) ECG: LDR Value: 3555[0m
[0;32mI (50978) ECG: LDR Value: 2370[0m
[0;32mI (51388) ECG: LDR Value: 3447[0m
[0;32mI (51798) ECG: LDR Value: 3845[0m
[0;32mI (52198) ECG: LDR Value: 4095[0m
[0;32mI (52608) ECG: LDR Value: 4053[0m
[0;32mI (53028) ECG: LDR Value: 3997[0m
[0;32mI (53428) ECG: LDR Value: 4042[0m
[0;32mI (53848) ECG: LDR Value: 3879[0m
