ets Jul 29 2019 12:21:46

rst:ets Jul 29 2019 12:21:46

rst:ets Jul 29 2019 12:21:46

rst:ets Jul 29 2019 12:21:46

rst:ets Jul 29 2019 12:21:46

rst:ets Jul 29 2019 12:21:46

rst:ets Jul 29 2019 12:21:46

rst:ets Jul 29 2019 12:21:46

rst:ets Jul 29 2019 12:21:46

rst:ets Jul 29 2019 12:21:46

rst:ets Jul 29 2019 12:21:46

rst:ets Jul 29 2019 12:21:46

rst:ets Jul 29 2019 12:21:46

rst:ets Jul 29 2019 12:21:46

rst:ets Jul 29 2019 12:21:46

rst:ets Jul 29 2019 12:21:46

rst:ets Jul 29 2019 12:21:46

rst:ets Jul 29 2019 12:21:46

rst:ets Jul 29 2019 12:21:46

rst:ets Jul 29 2019 12:21:46

rst:ets Jul 29 2019 12:21:46

rst:ets Jul 29 2019 12:21:46

rst:ets Jul 29 2019 12:21:46

rst:ets Jul 29 2019 12:21:46

rst:ets Jul 29 2019 12:21:46

rst:ets Jul 29 2019 12:21:46

rst:ets Jul 29 2019 12:21:46

rst:ets Jul 29 2019 12:21:46

rst:ets Jul 29 2019 12:21:46

rst:ets Jul 29 2019 12:21:46

rst:ets Jul 29 2019 12:21:46

rst:ets Jul 29 2019 12:21:46

rst:0x1 (POWERON_RESET),boot:0x13 (S0x1 (POWERON_RESET),boot:0x13 (S0x1 (POWERON_RESET),boot:0x13 (S0x1 (POWERON_RESET),boot:0x13 (S0x1 (POWERON_RESET),boot:0x13 (S0x1 (POWERON_RESET),boot:0x13 (S0x1 (POWERON_RESET),boot:0x13 (S0x1 (POWERON_RESET),boot:0x13 (S0x1 (POWERON_RESET),boot:0x13 (S0x1 (POWERON_RESET),boot:0x13 (S0x1 (POWERON_RESET),boot:0x13 (S0x1 (POWERON_RESET),boot:0x13 (S0x1 (POWERON_RESET),boot:0x13 (S0x1 (POWERON_RESET),boot:0x13 (S0x1 (POWERON_RESET),boot:0x13 (S0x1 (POWERON_RESET),boot:0x13 (S0x1 (POWERON_RESET),boot:0x13 (S0x1 (POWERON_RESET),boot:0x13 (S0x1 (POWERON_RESET),boot:0x13 (S0x1 (POWERON_RESET),boot:0x13 (S0x1 (POWERON_RESET),boot:0x13 (S0x1 (POWERON_RESET),boot:0x13 (S0x1 (POWERON_RESET),boot:0x13 (S0x1 (POWERON_RESET),boot:0x13 (S0x1 (POWERON_RESET),boot:0x13 (S0x1 (POWERON_RESET),boot:0x13 (S0x1 (POWERON_RESET),boot:0x13 (S0x1 (POWERON_RESET),boot:0x13 (S0x1 (POWERON_RESET),boot:0x13 (S0x1 (POWERON_RESET),boot:0x13 (S0x1 (POWERON_RESET),boot:0x13 (S0x1 (POWERON_RESET),boot:0x13 (S0x1 (POWERON_RESET),boot:0x13 (S0x1 (POWERON_RESET),boot:0x13 (S0x1 (POWERON_RESET),boot:0x13 (S0x1 (POWERON_RESET),boot:0x13 (S0x1 (POWERON_RESET),boot:0x13 (S0x1 (POWERON_RESET),boot:0x13 (S0x1 (POWERON_RESET),boot:0x13 (S0x1 (POWERON_RESET),boot:0x13 (S0x1 (POWERON_RESET),boot:0x13 (S0x1 (POWERON_RESET),boot:0x13 (SPI_FAST_FLASH_BOOT)
configsip: 0, SPIWP:0xee
clk_drv:ï¿½ets Jul 29 2019 12:21:46

rst:0x1 (POWERON_RESET),boot:0x13 (SPI_FAST_FLASH_BOOT)
configsip: 0, SPIWP:0xee
clk_drv:0x00,q_drv:0x00,d_drv:0x00,cs0_drv:0x00,hd_drv:0x00,wp_drv:0x00
mode:DIO, clock div:2
load:0x3fff0030,len:7176
load:0x40078000,len:15564
ho 0 tail 12 room 4
load:0x40080400,len:4
load:0x40080404,len:3904
entry 0x40080640
[0;32mI (31) boot: ESP-IDF v5.3.1-dirty 2nd stage bootloader[0m
[0;32mI (31) boot: compile time Jan  8 2025 13:10:15[0m
[0;32mI (31) boot: Multicore bootloader[0m
[0;32mI (36) boot: chip revision: v3.1[0m
[0;32mI (40) boot.esp32: SPI Speed      : 40MHz[0m
[0;32mI (44) boot.esp32: SPI Mode       : DIO[0m
[0;32mI (49) boot.esp32: SPI Flash Size : 2MB[0m
[0;32mI (53) boot: Enabling RNG early entropy source...[0m
[0;32mI (59) boot: Partition Table:[0m
[0;32mI (62) boot: ## Label            Usage          Type ST Offset   Length[0m
[0;32mI (70) boot:  0 nvs              WiFi data        01 02 00009000 00006000[0m
[0;32mI (77) boot:  1 phy_init         RF data          01 01 0000f000 00001000[0m
[0;32mI (85) boot:  2 factory          factory app      00 00 00010000 00100000[0m
[0;32mI (92) boot: End of partition table[0m
[0;32mI (96) esp_image: segment 0: paddr=00010020 vaddr=3f400020 size=259d4h (154068) map[0m
[0;32mI (158) esp_image: segment 1: paddr=000359fc vaddr=3ff80000 size=00004h (     4) load[0m
[0;32mI (158) esp_image: segment 2: paddr=00035a08 vaddr=3ffb0000 size=03f10h ( 16144) load[0m
[0;32mI (169) esp_image: segment 3: paddr=00039920 vaddr=40080000 size=066f8h ( 26360) load[0m
[0;32mI (182) esp_image: segment 4: paddr=00040020 vaddr=400d0020 size=a4938h (674104) map[0m
[0;32mI (413) esp_image: segment 5: paddr=000e4960 vaddr=400866f8 size=10c54h ( 68692) load[0m
[0;32mI (452) boot: Loaded app from partition at offset 0x10000[0m
[0;32mI (452) boot: Disabling RNG early entropy source...[0m
[0;32mI (464) cpu_start: Multicore app[0m
[0;32mI (473) cpu_start: Pro cpu start user code[0m
[0;32mI (473) cpu_start: cpu freq: 160000000 Hz[0m
[0;32mI (473) app_init: Application information:[0m
[0;32mI (476) app_init: Project name:     Hito-4[0m
[0;32mI (480) app_init: App version:      1[0m
[0;32mI (485) app_init: Compile time:     Jan  8 2025 13:09:44[0m
[0;32mI (491) app_init: ELF file SHA256:  24ea289a5b261de2...[0m
[0;32mI (497) app_init: ESP-IDF:          v5.3.1-dirty[0m
[0;32mI (502) efuse_init: Min chip rev:     v0.0[0m
[0;32mI (507) efuse_init: Max chip rev:     v3.99 [0m
[0;32mI (512) efuse_init: Chip rev:         v3.1[0m
[0;32mI (517) heap_init: Initializing. RAM available for dynamic allocation:[0m
[0;32mI (524) heap_init: At 3FFAE6E0 len 00001920 (6 KiB): DRAM[0m
[0;32mI (530) heap_init: At 3FFB8750 len 000278B0 (158 KiB): DRAM[0m
[0;32mI (536) heap_init: At 3FFE0440 len 00003AE0 (14 KiB): D/IRAM[0m
[0;32mI (542) heap_init: At 3FFE4350 len 0001BCB0 (111 KiB): D/IRAM[0m
[0;32mI (549) heap_init: At 4009734C len 00008CB4 (35 KiB): IRAM[0m
[0;32mI (557) spi_flash: detected chip: generic[0m
[0;32mI (560) spi_flash: flash io: dio[0m
[0;33mW (564) spi_flash: Detected size(4096k) larger than the size in the binary image header(2048k). Using the size in the binary image header.[0m
[0;32mI (578) main_task: Started on CPU0[0m
[0;32mI (588) main_task: Calling app_main()[0m
[0;32mI (618) example_connect: Start example_connect.[0m
[0;32mI (628) wifi:wifi driver task: 3ffc0304, prio:23, stack:6656, core=0[0m
[0;32mI (638) wifi:wifi firmware version: ccaebfa[0m
[0;32mI (638) wifi:wifi certification version: v7.0[0m
[0;32mI (638) wifi:config NVS flash: enabled[0m
[0;32mI (638) wifi:config nano formating: disabled[0m
[0;32mI (638) wifi:Init data frame dynamic rx buffer num: 32[0m
[0;32mI (648) wifi:Init static rx mgmt buffer num: 5[0m
[0;32mI (648) wifi:Init management short buffer num: 32[0m
[0;32mI (658) wifi:Init dynamic tx buffer num: 32[0m
[0;32mI (658) wifi:Init static rx buffer size: 1600[0m
[0;32mI (658) wifi:Init static rx buffer num: 10[0m
[0;32mI (668) wifi:Init dynamic rx buffer num: 32[0m
[0;32mI (668) wifi_init: rx ba win: 6[0m
[0;32mI (678) wifi_init: accept mbox: 6[0m
[0;32mI (678) wifi_init: tcpip mbox: 32[0m
[0;32mI (678) wifi_init: udp mbox: 6[0m
[0;32mI (688) wifi_init: tcp mbox: 6[0m
[0;32mI (688) wifi_init: tcp tx win: 5744[0m
[0;32mI (698) wifi_init: tcp rx win: 5744[0m
[0;32mI (698) wifi_init: tcp mss: 1440[0m
[0;32mI (698) wifi_init: WiFi IRAM OP enabled[0m
[0;32mI (708) wifi_init: WiFi RX IRAM OP enabled[0m
[0;32mI (718) phy_init: phy_version 4830,54550f7,Jun 20 2024,14:22:08[0m
[0;33mW (798) phy_init: saving new calibration data because of checksum failure, mode(0)[0m
[0;32mI (818) wifi:mode : sta (f0:24:f9:f7:96:18)[0m
[0;32mI (818) wifi:enable tsf[0m
[0;32mI (828) example_connect: Connecting to iPhone nacho...[0m
[0;33mW (828) wifi:Password length matches WPA2 standards, authmode threshold changes from OPEN to WPA2[0m
[0;32mI (828) example_connect: Waiting for IP(s)[0m
[0;32mI (3248) example_connect: Wi-Fi disconnected, trying to reconnect...[0m
[0;32mI (5658) example_connect: Wi-Fi disconnected, trying to reconnect...[0m
[0;32mI (8068) example_connect: Wi-Fi disconnected, trying to reconnect...[0m
[0;32mI (10488) example_connect: Wi-Fi disconnected, trying to reconnect...[0m
[0;32mI (13148) wifi:new:<1,0>, old:<1,0>, ap:<255,255>, sta:<1,0>, prof:1, snd_ch_cfg:0x0[0m
[0;32mI (13148) wifi:state: init -> auth (0xb0)[0m
[0;32mI (13158) wifi:state: auth -> assoc (0x0)[0m
[0;32mI (13168) wifi:state: assoc -> run (0x10)[0m
[0;32mI (13358) wifi:connected with iPhone nacho, aid = 1, channel 1, BW20, bssid = 5a:6d:c0:2f:cc:df[0m
[0;32mI (13358) wifi:security: WPA2-PSK, phy: bgn, rssi: -45[0m
[0;32mI (13368) wifi:pm start, type: 1[0m

[0;32mI (13368) wifi:dp: 1, bi: 102400, li: 3, scale listen interval from 307200 us to 307200 us[0m
[0;32mI (13498) wifi:AP's beacon interval = 102400 us, DTIM period = 1[0m
[0;32mI (14378) esp_netif_handlers: example_netif_sta ip: 172.20.10.3, mask: 255.255.255.240, gw: 172.20.10.1[0m
[0;32mI (14378) example_connect: Got IPv4 event: Interface "example_netif_sta" address: 172.20.10.3[0m
[0;32mI (14618) example_connect: Got IPv6 event: Interface "example_netif_sta" address: fe80:0000:0000:0000:f224:f9ff:fef7:9618, type: ESP_IP6_ADDR_IS_LINK_LOCAL[0m
[0;32mI (14618) example_common: Connected to example_netif_sta[0m
[0;32mI (14628) example_common: - IPv4 address: 172.20.10.3,[0m
[0;32mI (14628) example_common: - IPv6 address: fe80:0000:0000:0000:f224:f9ff:fef7:9618, type: ESP_IP6_ADDR_IS_LINK_LOCAL[0m
[0;32mI (14648) HeartRate: [APP] Startup..[0m
[0;32mI (14648) HeartRate: [APP] Free memory: 229668 bytes[0m
[0;32mI (14648) HeartRate: [APP] IDF version: v5.3.1-dirty[0m
[0;32mI (24758) HeartRate: Heart Rate: 0 BPM[0m
[0;32mI (24758) HeartRate: Payload: {"ts":24206,"values":{"HeartRate":0}}[0m
[0;32mI (24768) wifi:<ba-add>idx:0 (ifx:0, 5a:6d:c0:2f:cc:df), tid:0, ssn:2, winSize:64[0m
[0;32mI (25518) HeartRate: Data sent successfully[0m
[0;32mI (35618) HeartRate: Heart Rate: 0 BPM[0m
[0;32mI (35618) HeartRate: Payload: {"ts":35065,"values":{"HeartRate":0}}[0m
[0;32mI (36238) HeartRate: Data sent successfully[0m
[0;32mI (46348) HeartRate: Heart Rate: 0 BPM[0m
[0;32mI (46348) HeartRate: Payload: {"ts":45795,"values":{"HeartRate":0}}[0m
[0;32mI (46988) HeartRate: Data sent successfully[0m
