
rst:0x1 (POWERON_RESET),boot:0x13 (SPI_FAST_FLASH_BOOT)
configsip: ï¿½ets Jul 29 2019 12:21:46

rst:0x1 (POWERON_RESET),boot:0x13 (SPI_FAST_FLASH_BOOT)
configsip: 0, SPIWP:0xee
clk_drv:0x00,q_drv:0x00,d_drv:0x00,cs0_drv:0x00,hd_drv:0x00,wp_drv:0x00
mode:DIO, clock div:2
load:0x3fff0030,len:7176
load:0x40078000,len:15564
ho 0 tail 12 room 4
load:0x40080400,len:4
load:0x40080404,len:3904
entry 0x40080640
[0;32mI (31) boot: ESP-IDF v5.3.1-dirty 2nd stage bootloader[0m
[0;32mI (31) boot: compile time Jan  8 2025 13:10:15[0m
[0;32mI (31) boot: Multicore bootloader[0m
[0;32mI (36) boot: chip revision: v3.1[0m
[0;32mI (40) boot.esp32: SPI Speed      : 40MHz[0m
[0;32mI (44) boot.esp32: SPI Mode       : DIO[0m
[0;32mI (49) boot.esp32: SPI Flash Size : 2MB[0m
[0;32mI (53) boot: Enabling RNG early entropy source...[0m
[0;32mI (59) boot: Partition Table:[0m
[0;32mI (62) boot: ## Label            Usage          Type ST Offset   Length[0m
[0;32mI (70) boot:  0 nvs              WiFi data        01 02 00009000 00006000[0m
[0;32mI (77) boot:  1 phy_init         RF data          01 01 0000f000 00001000[0m
[0;32mI (85) boot:  2 factory          factory app      00 00 00010000 00100000[0m
[0;32mI (92) boot: End of partition table[0m
[0;32mI (96) esp_image: segment 0: paddr=00010020 vaddr=3f400020 size=25468h (152680) map[0m
[0;32mI (157) esp_image: segment 1: paddr=00035490 vaddr=3ffb0000 size=03f00h ( 16128) load[0m
[0;32mI (163) esp_image: segment 2: paddr=00039398 vaddr=40080000 size=06c80h ( 27776) load[0m
[0;32mI (174) esp_image: segment 3: paddr=00040020 vaddr=400d0020 size=9d9a4h (645540) map[0m
[0;32mI (396) esp_image: segment 4: paddr=000dd9cc vaddr=40086c80 size=106cch ( 67276) load[0m
[0;32mI (434) boot: Loaded app from partition at offset 0x10000[0m
[0;32mI (434) boot: Disabling RNG early entropy source...[0m
[0;32mI (446) cpu_start: Multicore app[0m
[0;32mI (455) cpu_start: Pro cpu start user code[0m
[0;32mI (455) cpu_start: cpu freq: 160000000 Hz[0m
[0;32mI (455) app_init: Application information:[0m
[0;32mI (458) app_init: Project name:     Hito-4[0m
[0;32mI (462) app_init: App version:      1[0m
[0;32mI (467) app_init: Compile time:     Jan  8 2025 13:09:44[0m
[0;32mI (473) app_init: ELF file SHA256:  bac33e12adb27d43...[0m
[0;32mI (479) app_init: ESP-IDF:          v5.3.1-dirty[0m
[0;32mI (484) efuse_init: Min chip rev:     v0.0[0m
[0;32mI (489) efuse_init: Max chip rev:     v3.99 [0m
[0;32mI (494) efuse_init: Chip rev:         v3.1[0m
[0;32mI (499) heap_init: Initializing. RAM available for dynamic allocation:[0m
[0;32mI (506) heap_init: At 3FFAE6E0 len 00001920 (6 KiB): DRAM[0m
[0;32mI (512) heap_init: At 3FFB8730 len 000278D0 (158 KiB): DRAM[0m
[0;32mI (518) heap_init: At 3FFE0440 len 00003AE0 (14 KiB): D/IRAM[0m
[0;32mI (524) heap_init: At 3FFE4350 len 0001BCB0 (111 KiB): D/IRAM[0m
[0;32mI (531) heap_init: At 4009734C len 00008CB4 (35 KiB): IRAM[0m
[0;32mI (539) spi_flash: detected chip: generic[0m
[0;32mI (542) spi_flash: flash io: dio[0m
[0;33mW (545) spi_flash: Detected size(4096k) larger than the size in the binary image header(2048k). Using the size in the binary image header.[0m
[0;33mW (559) ADC: legacy driver is deprecated, please migrate to `esp_adc/adc_oneshot.h`[0m
[0;32mI (568) main_task: Started on CPU0[0m
[0;32mI (578) main_task: Calling app_main()[0m
[0;32mI (598) example_connect: Start example_connect.[0m
[0;32mI (608) wifi:wifi driver task: 3ffc03ec, prio:23, stack:6656, core=0[0m
[0;32mI (618) wifi:wifi firmware version: ccaebfa[0m
[0;32mI (618) wifi:wifi certification version: v7.0[0m
[0;32mI (618) wifi:config NVS flash: enabled[0m
[0;32mI (618) wifi:config nano formating: disabled[0m
[0;32mI (618) wifi:Init data frame dynamic rx buffer num: 32[0m
[0;32mI (628) wifi:Init static rx mgmt buffer num: 5[0m
[0;32mI (628) wifi:Init management short buffer num: 32[0m
[0;32mI (638) wifi:Init dynamic tx buffer num: 32[0m
[0;32mI (638) wifi:Init static rx buffer size: 1600[0m
[0;32mI (648) wifi:Init static rx buffer num: 10[0m
[0;32mI (648) wifi:Init dynamic rx buffer num: 32[0m
[0;32mI (648) wifi_init: rx ba win: 6[0m
[0;32mI (658) wifi_init: accept mbox: 6[0m
[0;32mI (658) wifi_init: tcpip mbox: 32[0m
[0;32mI (668) wifi_init: udp mbox: 6[0m
[0;32mI (668) wifi_init: tcp mbox: 6[0m
[0;32mI (668) wifi_init: tcp tx win: 5744[0m
[0;32mI (678) wifi_init: tcp rx win: 5744[0m
[0;32mI (678) wifi_init: tcp mss: 1440[0m
[0;32mI (678) wifi_init: WiFi IRAM OP enabled[0m
[0;32mI (688) wifi_init: WiFi RX IRAM OP enabled[0m
[0;32mI (698) phy_init: phy_version 4830,54550f7,Jun 20 2024,14:22:08[0m
[0;33mW (778) phy_init: saving new calibration data because of checksum failure, mode(0)[0m
[0;32mI (808) wifi:mode : sta (f0:24:f9:f7:96:18)[0m
[0;32mI (808) wifi:enable tsf[0m
[0;32mI (818) example_connect: Connecting to iPhone nacho...[0m
[0;33mW (818) wifi:Password length matches WPA2 standards, authmode threshold changes from OPEN to WPA2[0m
[0;32mI (828) example_connect: Waiting for IP(s)[0m
[0;32mI (3238) example_connect: Wi-Fi disconnected, trying to reconnect...[0m
[0;32mI (5648) example_connect: Wi-Fi disconnected, trying to reconnect...[0m
[0;32mI (8068) example_connect: Wi-Fi disconnected, trying to reconnect...[0m
[0;32mI (10478) example_connect: Wi-Fi disconnected, trying to reconnect...[0m
